Γ£à Found student in database
Student ID: JSS260001
Name (EN): Atiatun Marzana Nimu
Name (BN): αªåαªñαª┐αºƒαª╛αªñαºüαª¿ αª«αª╛αª░αºìαª£αª╛αª¿αª╛ αª¿αª┐αª«αºü
DOB: 2014-03-08
Religion: Islam
Gender: female
Blood Group: NULL
Father Name: Md Sharif Uddin
Mother Name: Mst Anjuman Ara Khatun
Guardian Phone: 01716791512

≡ƒô▒ API Response (StudentProfileResource):
Student ID: JSS260001
DOB: 2014-03-08
Religion: Islam
Gender: female
Blood Group: NULL
Father Name: Md Sharif Uddin
Mother Name: Mst Anjuman Ara Khatun
Guardian Phone: 01716791512
Phone: 01716791512
